// Jest Snapshot v1, https://goo.gl/fbAQLP

exports[`<UsersPolicyDetails /> render() renders the component 1`] = `
<Connect(Form(UsersPolicyDetails))
  canAcknowlege={true}
  destroyOnUnmount={true}
  dispatch={[Function]}
  enableReinitialize={false}
  forceUnregisterOnUnmount={false}
  form="userView"
  getFormState={[Function]}
  keepDirtyOnReinitialize={false}
  persistentSubmitErrors={false}
  policyDescription="description"
  policyId={1}
  policyMaterials={Array []}
  policyMaterials_loading={false}
  policyName="name"
  policy_acknowledging={false}
  pure={true}
  shouldAsyncValidate={[Function]}
  shouldError={[Function]}
  shouldValidate={[Function]}
  shouldWarn={[Function]}
  store={
    Object {
      "clearActions": [Function],
      "dispatch": [Function],
      "getActions": [Function],
      "getState": [Function],
      "replaceReducer": [Function],
      "subscribe": [Function],
    }
  }
  storeSubscription={
    Subscription {
      "listeners": Object {
        "clear": [Function],
        "get": [Function],
        "notify": [Function],
        "subscribe": [Function],
      },
      "onStateChange": [Function],
      "parentSub": undefined,
      "store": Object {
        "clearActions": [Function],
        "dispatch": [Function],
        "getActions": [Function],
        "getState": [Function],
        "replaceReducer": [Function],
        "subscribe": [Function],
      },
      "unsubscribe": [Function],
    }
  }
  touchOnBlur={true}
  touchOnChange={false}
  updateUnregisteredFields={false}
  user={Object {}}
/>
`;
