// Jest Snapshot v1, https://goo.gl/fbAQLP

exports[`AlertActions Dispatches the correct action and payload 1`] = `Array []`;
