// Jest Snapshot v1, https://goo.gl/fbAQLP

exports[`ClientActions Dispatches the correct action and payload 1`] = `Array []`;
