// Jest Snapshot v1, https://goo.gl/fbAQLP

exports[`UserActions Dispatches the correct action and payload 1`] = `Array []`;
