// Jest Snapshot v1, https://goo.gl/fbAQLP

exports[`<HomeComponent /> render() renders the component 1`] = `
<Connect(Form(HomeComponent))
  courses={Array []}
  courses_loading={false}
  destroyOnUnmount={true}
  dispatch={[Function]}
  enableReinitialize={false}
  forceUnregisterOnUnmount={false}
  form="homeComponent"
  getFormState={[Function]}
  keepDirtyOnReinitialize={false}
  paymentStatuses={Array []}
  paymentStatuses_loading={false}
  persistentSubmitErrors={false}
  policyAcknowledgements={Array []}
  policyAcknowledgements_loading={false}
  pure={true}
  shouldAsyncValidate={[Function]}
  shouldError={[Function]}
  shouldValidate={[Function]}
  shouldWarn={[Function]}
  store={
    Object {
      "clearActions": [Function],
      "dispatch": [Function],
      "getActions": [Function],
      "getState": [Function],
      "replaceReducer": [Function],
      "subscribe": [Function],
    }
  }
  storeSubscription={
    Subscription {
      "listeners": Object {
        "clear": [Function],
        "get": [Function],
        "notify": [Function],
        "subscribe": [Function],
      },
      "onStateChange": [Function],
      "parentSub": undefined,
      "store": Object {
        "clearActions": [Function],
        "dispatch": [Function],
        "getActions": [Function],
        "getState": [Function],
        "replaceReducer": [Function],
        "subscribe": [Function],
      },
      "unsubscribe": [Function],
    }
  }
  subscriptions={Array []}
  subscriptions_loading={false}
  touchOnBlur={true}
  touchOnChange={false}
  updateUnregisteredFields={false}
  user={false}
  userEnrolments={Array []}
  userEnrolments_loading={false}
  users={Array []}
  users_loading={false}
/>
`;
