// Jest Snapshot v1, https://goo.gl/fbAQLP

exports[`<OptionCreate /> render() renders the component 1`] = `
<Connect(Form(WithStyles(OptionCreate)))
  destroyOnUnmount={true}
  dispatch={[Function]}
  enableReinitialize={false}
  forceUnregisterOnUnmount={false}
  form="optionCreate"
  getFormState={[Function]}
  keepDirtyOnReinitialize={false}
  option_creating={false}
  options={Array []}
  options_loading={false}
  persistentSubmitErrors={false}
  pure={true}
  question={Object {}}
  shouldAsyncValidate={[Function]}
  shouldError={[Function]}
  shouldValidate={[Function]}
  shouldWarn={[Function]}
  store={
    Object {
      "clearActions": [Function],
      "dispatch": [Function],
      "getActions": [Function],
      "getState": [Function],
      "replaceReducer": [Function],
      "subscribe": [Function],
    }
  }
  storeSubscription={
    Subscription {
      "listeners": Object {
        "clear": [Function],
        "get": [Function],
        "notify": [Function],
        "subscribe": [Function],
      },
      "onStateChange": [Function],
      "parentSub": undefined,
      "store": Object {
        "clearActions": [Function],
        "dispatch": [Function],
        "getActions": [Function],
        "getState": [Function],
        "replaceReducer": [Function],
        "subscribe": [Function],
      },
      "unsubscribe": [Function],
    }
  }
  touchOnBlur={true}
  touchOnChange={false}
  updateUnregisteredFields={false}
/>
`;
