// Jest Snapshot v1, https://goo.gl/fbAQLP

exports[`<ClientSubscribe /> render() renders the component 1`] = `
<Connect(Form(SubscriptionCreate))
  client_subscribing={false}
  clients={Array []}
  clients_loading={false}
  courses={Array []}
  courses_loading={false}
  destroyOnUnmount={true}
  dispatch={[Function]}
  enableReinitialize={false}
  forceUnregisterOnUnmount={false}
  form="subscriptionCreate"
  getFormState={[Function]}
  keepDirtyOnReinitialize={false}
  persistentSubmitErrors={false}
  pure={true}
  shouldAsyncValidate={[Function]}
  shouldError={[Function]}
  shouldValidate={[Function]}
  shouldWarn={[Function]}
  store={
    Object {
      "clearActions": [Function],
      "dispatch": [Function],
      "getActions": [Function],
      "getState": [Function],
      "replaceReducer": [Function],
      "subscribe": [Function],
    }
  }
  storeSubscription={
    Subscription {
      "listeners": Object {
        "clear": [Function],
        "get": [Function],
        "notify": [Function],
        "subscribe": [Function],
      },
      "onStateChange": [Function],
      "parentSub": undefined,
      "store": Object {
        "clearActions": [Function],
        "dispatch": [Function],
        "getActions": [Function],
        "getState": [Function],
        "replaceReducer": [Function],
        "subscribe": [Function],
      },
      "unsubscribe": [Function],
    }
  }
  touchOnBlur={true}
  touchOnChange={false}
  unsubscribed_courses={Array []}
  unsubscribed_courses_loading={false}
  updateUnregisteredFields={false}
  user={
    Object {
      "name": "aaa",
    }
  }
  validate={[Function]}
/>
`;
