// Jest Snapshot v1, https://goo.gl/fbAQLP

exports[`AlertReducer ALERT_SUCCESS 1`] = `Object {}`;
