// Jest Snapshot v1, https://goo.gl/fbAQLP

exports[`OptionReducer GETALL_SUCCESS 1`] = `
Object {
  "Options": Array [],
}
`;

exports[`OptionReducer GETBYID_SUCCESS 1`] = `
Object {
  "Options": Array [],
}
`;
