// Jest Snapshot v1, https://goo.gl/fbAQLP

exports[`PaymentReducer GETALL_SUCCESS 1`] = `
Object {
  "loading": false,
  "paymentStatuses": Array [],
}
`;
