// Jest Snapshot v1, https://goo.gl/fbAQLP

exports[`<CourseEdit /> render() renders the component 1`] = `
<Connect(Form(CourseEdit))
  course_editing={false}
  course_loading={false}
  destroyOnUnmount={true}
  dispatch={[Function]}
  enableReinitialize={false}
  forceUnregisterOnUnmount={false}
  form="courseEdit"
  getFormState={[Function]}
  initialValues={null}
  keepDirtyOnReinitialize={false}
  persistentSubmitErrors={false}
  pure={true}
  shouldAsyncValidate={[Function]}
  shouldError={[Function]}
  shouldValidate={[Function]}
  shouldWarn={[Function]}
  store={
    Object {
      "clearActions": [Function],
      "dispatch": [Function],
      "getActions": [Function],
      "getState": [Function],
      "replaceReducer": [Function],
      "subscribe": [Function],
    }
  }
  storeSubscription={
    Subscription {
      "listeners": Object {
        "clear": [Function],
        "get": [Function],
        "notify": [Function],
        "subscribe": [Function],
      },
      "onStateChange": [Function],
      "parentSub": undefined,
      "store": Object {
        "clearActions": [Function],
        "dispatch": [Function],
        "getActions": [Function],
        "getState": [Function],
        "replaceReducer": [Function],
        "subscribe": [Function],
      },
      "unsubscribe": [Function],
    }
  }
  touchOnBlur={true}
  touchOnChange={false}
  updateUnregisteredFields={false}
/>
`;
